# BeeOPS final standalone package: Node VM UI regression
✔ product HTML contains no forecast model, date-window or working-time selectors (0.978875ms)
✔ automatic recommendation uses only workspace and is cached until refresh (67.408292ms)
✔ catalog always selects the supported TiRex-2/LSTM model even if legacy default comes first (23.179834ms)
✔ missing active model never silently falls back to a different model (22.100292ms)
✔ the top forecast and test MAE belong to the active automatic model (2.915916ms)
✔ late legacy health results cannot overwrite the automatic summary (23.839833ms)
✔ missing test MAE is shown as unavailable, without substituting development or legacy scores (3.646833ms)
✔ only the recommended period is displayed, without saved working-window alternatives (3.358667ms)
✔ resize redraws the forecast for actual width without additional inference (154.289583ms)
✔ returning from models redraws a forecast computed while its chart was hidden (3.917541ms)
✔ workspace navigation clears the old recommendation and ignores its late response (2.200416ms)
✔ a changed upload snapshot invalidates a pending result even before polling finishes (1.909958ms)
✔ reject a mismatched workspace identity without displaying its period or forecast (1.503042ms)
✔ reject a mismatched version identity without displaying its period or forecast (1.197834ms)
✔ reject a mismatched horizon identity without displaying its period or forecast (1.580291ms)
✔ reject a mismatched snapshot identity without displaying its period or forecast (0.879291ms)
✔ reject a mismatched embedded_identity identity without displaying its period or forecast (2.052792ms)
✔ reject a mismatched run identity without displaying its period or forecast (1.418875ms)
✔ reject a mismatched registry identity without displaying its period or forecast (1.255542ms)
✔ reject a mismatched selection identity without displaying its period or forecast (0.908334ms)
✔ operational validation labels do not block a finite complete forecast or recommendation (2.416959ms)
✔ historical recommendation remains anchored to observation date (2.632709ms)
✔ insufficient_history clears the forecast without fabricating a candidate (1.075167ms)
✔ model_unavailable clears the forecast without fabricating a candidate (1.732209ms)
✔ unsupported_horizon clears the forecast without fabricating a candidate (1.177292ms)
✔ an empty success and subsequent network error cannot leave old recommendation or summary (2.380166ms)
✔ candidate outside forecast and invalid trajectory timestamps are rejected (1.5885ms)
✔ untrusted reason text is escaped when rendering the recommendation (1.741208ms)
✔ selected public CSV uses multipart preview and does not auto-commit (1.469917ms)
✔ completed CSV import opens imported hive with automatic model (23.340458ms)
✔ completed CSV import preserves later deliberate hive choice (22.104791ms)
✔ observation chart restores real target-aligned active model predictions (1.142ms)
✔ observation chart refuses predictions from another hive or model (0.635792ms)
✔ a retrained active ensemble replaces the fixed initial bundle without choices (1.444958ms)
✔ temperature pipeline renders actual failed stage and never reports deployment success (0.562583ms)
✔ temperature results cannot cross workspace navigation (0.38925ms)
✔ stale saved hive falls back to the selected default and displays only friendly workspace names (105.339125ms)
✔ the main dashboard requests the complete observed interval and aligns current-model history with it (112.293ms)
✔ the old gallery hash resolves to the main dashboard without gallery requests (5.571584ms)
✔ the selected observed CSV stays in the existing data preview flow without automatic storage (3.377291ms)
✔ the data catalog accepts the selected local CSV routes and excludes external download destinations (1.663291ms)
✔ a failed initial CSV catalog does not offer an unrelated legacy dataset (0.681084ms)
✔ startup discards a hidden legacy hive import job (36.830625ms)
✔ startup restores the visible hive import job (37.354833ms)
✔ health source keeps provenance while using the current hive name: 공개 관측: 브라질 Apis 2 · 12–1월 (1.220334ms)
✔ health source keeps provenance while using the current hive name: 사용자 CSV: observations_2025-01.csv (0.969875ms)
✔ accepted heatwave commit immediately selects TEMP and shows honest preparation before registration (37.378292ms)
✔ late pre-commit workspace response cannot undo immediate practice selection (2.901708ms)
✔ fast actual practice completion stays visible past 15 seconds and restores after reload (32.014291ms)
✔ a coalesced explicit practice run follows the real job ID even when no new worker was requested (6.527875ms)
✔ a linked practice run displays only its actual queued and completed epoch states (6.606208ms)
✔ reload while import is pending restores preparation and follows completion without navigation intent (5.886208ms)
✔ a restored practice result remains available when it leaves the global recent job list (5.006208ms)
✔ reload resolves a formerly running practice by exact ID when its completion aged out of recent history (5.1275ms)
✔ a later deliberate hive choice survives practice completion while its result remains visible (5.501875ms)
✔ a new accepted practice run owns its new import ID and ignores an older pending response (6.519459ms)
✔ failed import without a real training job shows failure instead of endless preparation or success (5.21225ms)
✔ completed import without training correlation reports a request problem rather than preparing forever (4.964334ms)
✔ acknowledging a failed unregistered import removes its temporary hive selection (5.959959ms)
✔ acknowledging an actual practice result clears the pin and does not replay after reload (5.704541ms)
✔ an in-flight global response cannot revive an acknowledged practice result (5.974584ms)
✔ ordinary CSV commit does not create a persistent practice run (5.447667ms)
✔ running training shows actual completed epochs and stays visible for another selected hive (66.526667ms)
✔ global polling is an unscoped GET and a hive switch does not discard its pending activity (3.487833ms)
✔ a running job remains primary even when a newer queued job is latest (1.548458ms)
✔ a queued-only activity is waiting and does not claim training or deployment completion (1.475458ms)
✔ a live completed activity shows its new shared model result briefly (2.089458ms)
✔ failed live activity shows the real outcome and never claims a model was deployed (1.665542ms)
✔ interrupted live activity shows the real outcome and never claims a model was deployed (1.923125ms)
✔ skipped live activity shows the real outcome and never claims a model was deployed (2.860709ms)
✔ no-job or disabled monitoring hides the inactive global panel (1.952875ms)
✔ manual collapse survives polling of the same job and a new job opens details again (2.12725ms)
✔ a network failure preserves the last known job, marks it stale, and recovers on the next poll (2.948208ms)
✔ overlapping polls share one request and start a new request only after it settles (7.769583ms)
✔ a superseded poll cannot overwrite newer global activity (1.170292ms)
✔ backend error text is displayed as text without creating injected HTML (1.655125ms)
✔ a changed active shared version refreshes the model catalog once across repeated polls (1.855291ms)
✔ a later overlapping catalog failure retries the remembered active model on the next global poll (2.81675ms)
✔ completed deployment displays reporting warnings without reverting to running or failed status (1.821083ms)
✔ initial completed history never replays a notification (1.266291ms)
✔ initial failed history never replays a notification (1.927417ms)
✔ initial skipped history never replays a notification (1.036041ms)
✔ initial interrupted history never replays a notification (3.809958ms)
✔ legacy training never enters the main ensemble notification (1.409375ms)
✔ a failed initial poll never creates a fake training notification (1.064125ms)
✔ a live terminal notification hides after 15 seconds without replay on later polls (3.058375ms)
✔ a fresh job completed between polls appears once while old history stays hidden (3.918334ms)
✔ a new active job survives an earlier completion notification timer (1.554333ms)
✔ manual ensemble request polls real monitoring and never reports queued acceptance as completion (1.495292ms)
✔ an already evaluated manual snapshot does not invent a new completion (2.595416ms)
✔ ensemble controls ignore legacy activity and block actual common training (1.405792ms)
✔ model summary and catalog describe actual learned blend weights (0.730209ms)
✔ historical result copy claims blend training only when its recorded components include it (1.275584ms)
✔ completed LSTM epochs keep ensemble_calibration visibly in progress (0.876375ms)
✔ completed LSTM epochs keep held_out_evaluation visibly in progress (1.117917ms)
✔ built-in heatwave preview uses the server-validated scenario without committing data (1.800375ms)
✔ import-linked real completion is shown on the dashboard even before the first global poll (8.386ms)
✔ import without a new training job does not announce completion (historical job false) (4.109041ms)
✔ import without a new training job does not announce completion (historical job true) (3.0975ms)
✔ failed import-linked training is reported as failed, never as completed (3.222333ms)
✔ completion is retained when another training job is still active (2.544917ms)
✔ an observed pending job survives reload but a delivered completion does not replay (3.026083ms)
✔ a completion received in a hidden tab waits until the user returns (1.828375ms)
✔ reload after saving an import still correlates completion before the first training poll (3.276208ms)
✔ a late import result cannot replay a completion already displayed by global polling (3.850417ms)
ℹ tests 105
ℹ suites 0
ℹ pass 105
ℹ fail 0
ℹ cancelled 0
ℹ skipped 0
ℹ todo 0
ℹ duration_ms 465.200708
